// Jest Snapshot v1, https://goo.gl/fbAQLP

exports[`Header component renders correctly 1`] = `
<div class="container-fluid bg-dark text-light mb-4">
  <div class="row align-items-center justify-content-around text-center">
    <div class="col-lg-6 text-lg-left">
      <h1 class="font-weight-light">Vue Router Vuex Todo List</h1>
      <p class="lead">
        Example of a web application developed with
        <strong>Vue.js</strong>,
        <strong>Vue Router</strong> and
        <strong>Vuex</strong>.
      </p>
    </div>
    <div class="col-lg-4 text-lg-right"><img alt="logo" src="undefined/images/logo.webp" class="img-fluid mb-3 my-lg-3"></div>
  </div>
</div>
`;
