// Jest Snapshot v1, https://goo.gl/fbAQLP

exports[`BottomBar component renders correctly 1`] = `
<div class="container-fluid bg-dark text-light mt-5">
  <div class="row py-2">
    <div class="col-12 d-flex flex-column flex-md-row justify-content-center text-center text-nowrap">
      <div><span class="mx-3">Jorge Ant√≥n Caballero</span> <a href="mailto:jorgeac89@gmail.com" class="text-reset text-decoration-none mx-3"><i class="fas fa-envelope"></i>
          &nbsp;
          jorgeac89@gmail.com
        </a></div>
      <div class="mt-2 mt-md-0"><a href="https://github.com/jorgeac89/" class="text-reset text-decoration-none mx-3"><i class="fab fa-github"></i>
          &nbsp;
          Github
        </a> <a href="https://www.linkedin.com/in/jorge-anton-caballero" class="text-reset text-decoration-none mx-3"><i class="fab fa-linkedin-in"></i>
          &nbsp;
          Linkedin
        </a></div>
    </div>
  </div>
</div>
`;
