// Jest Snapshot v1, https://goo.gl/fbAQLP

exports[`Error404 component renders correctly 1`] = `
<div class="d-flex flex-column justify-content-center text-center text-dark h-100">
  <h2 class="display-2">
    404
  </h2>
  <div class="display-3"><i class="fas fa-dragon mx-3"></i> <i class="fas fa-cat mx-3"></i> <i class="fas fa-pastafarianism mx-3"></i></div>
  <h3 class="font-weight-light mt-3">
    We have found these mythical creatures, but not the page you are looking for.
  </h3>
</div>
`;
